// Jest Snapshot v1, https://goo.gl/fbAQLP

exports[`should render user settings page correctly 1`] = `
<div>
  <form
    onSubmit={[Function]}
  >
    <input
      name="goalCalories"
      onChange={[Function]}
      placeholder="Goal calories"
      type="text"
    />
    <button>
      Submit
    </button>
  </form>
</div>
`;
